[2025-06-23T09:36:22.783+0000][147][info][gc,init] CardTable entry size: 512
[2025-06-23T09:36:22.785+0000][147][info][gc     ] Using G1
[2025-06-23T09:36:22.797+0000][147][info][gc,init] Version: 23+37-2369 (release)
[2025-06-23T09:36:22.797+0000][147][info][gc,init] CPUs: 8 total, 8 available
[2025-06-23T09:36:22.797+0000][147][info][gc,init] Memory: 3919M
[2025-06-23T09:36:22.797+0000][147][info][gc,init] Large Page Support: Disabled
[2025-06-23T09:36:22.797+0000][147][info][gc,init] NUMA Support: Disabled
[2025-06-23T09:36:22.797+0000][147][info][gc,init] Compressed Oops: Enabled (32-bit)
[2025-06-23T09:36:22.797+0000][147][info][gc,init] Heap Region Size: 1M
[2025-06-23T09:36:22.797+0000][147][info][gc,init] Heap Min Capacity: 1G
[2025-06-23T09:36:22.797+0000][147][info][gc,init] Heap Initial Capacity: 1G
[2025-06-23T09:36:22.798+0000][147][info][gc,init] Heap Max Capacity: 1G
[2025-06-23T09:36:22.798+0000][147][info][gc,init] Pre-touch: Disabled
[2025-06-23T09:36:22.798+0000][147][info][gc,init] Parallel Workers: 8
[2025-06-23T09:36:22.798+0000][147][info][gc,init] Concurrent Workers: 2
[2025-06-23T09:36:22.798+0000][147][info][gc,init] Concurrent Refinement Workers: 8
[2025-06-23T09:36:22.798+0000][147][info][gc,init] Periodic GC: Disabled
[2025-06-23T09:36:22.819+0000][147][info][gc,metaspace] CDS archive(s) mapped at: [0x00001f8000000000-0x00001f8000da0000-0x00001f8000da0000), size 14286848, SharedBaseAddress: 0x00001f8000000000, ArchiveRelocationMode: 1.
[2025-06-23T09:36:22.820+0000][147][info][gc,metaspace] Compressed class space mapped at: 0x00001f8001000000-0x00001f8041000000, reserved size: 1073741824
[2025-06-23T09:36:22.820+0000][147][info][gc,metaspace] Narrow klass base: 0x00001f8000000000, Narrow klass shift: 0, Narrow klass range: 0x100000000
[2025-06-23T09:36:22.885+0000][147][info][gc,heap,exit] Heap
[2025-06-23T09:36:22.886+0000][147][info][gc,heap,exit]  garbage-first heap   total reserved 1048576K, committed 1048576K, used 4217K [0x00000000c0000000, 0x0000000100000000)
[2025-06-23T09:36:22.886+0000][147][info][gc,heap,exit]   region size 1024K, 3 young (3072K), 0 survivors (0K)
[2025-06-23T09:36:22.886+0000][147][info][gc,heap,exit]  Metaspace       used 247K, committed 448K, reserved 1114112K
[2025-06-23T09:36:22.886+0000][147][info][gc,heap,exit]   class space    used 9K, committed 128K, reserved 1048576K
